// Jest Snapshot v1, https://goo.gl/fbAQLP

exports[`matches snapshot 1`] = `
<DocumentFragment>
  <div
    class="Snowman"
  >
    <img
      alt=""
      data-testid="img-0.png"
      src="0.png"
    />
    <div>
      <p>
        Number of Guesses Left: 6
      </p>
      <p
        class="Snowman-word"
        data-testid="word"
      >
        ______
      </p>
      <p>
        <button
          data-testid="btn-a"
          value="a"
        >
          a
        </button>
        <button
          data-testid="btn-b"
          value="b"
        >
          b
        </button>
        <button
          data-testid="btn-c"
          value="c"
        >
          c
        </button>
        <button
          data-testid="btn-d"
          value="d"
        >
          d
        </button>
        <button
          data-testid="btn-e"
          value="e"
        >
          e
        </button>
        <button
          data-testid="btn-f"
          value="f"
        >
          f
        </button>
        <button
          data-testid="btn-g"
          value="g"
        >
          g
        </button>
        <button
          data-testid="btn-h"
          value="h"
        >
          h
        </button>
        <button
          data-testid="btn-i"
          value="i"
        >
          i
        </button>
        <button
          data-testid="btn-j"
          value="j"
        >
          j
        </button>
        <button
          data-testid="btn-k"
          value="k"
        >
          k
        </button>
        <button
          data-testid="btn-l"
          value="l"
        >
          l
        </button>
        <button
          data-testid="btn-m"
          value="m"
        >
          m
        </button>
        <button
          data-testid="btn-n"
          value="n"
        >
          n
        </button>
        <button
          data-testid="btn-o"
          value="o"
        >
          o
        </button>
        <button
          data-testid="btn-p"
          value="p"
        >
          p
        </button>
        <button
          data-testid="btn-q"
          value="q"
        >
          q
        </button>
        <button
          data-testid="btn-r"
          value="r"
        >
          r
        </button>
        <button
          data-testid="btn-s"
          value="s"
        >
          s
        </button>
        <button
          data-testid="btn-t"
          value="t"
        >
          t
        </button>
        <button
          data-testid="btn-u"
          value="u"
        >
          u
        </button>
        <button
          data-testid="btn-v"
          value="v"
        >
          v
        </button>
        <button
          data-testid="btn-w"
          value="w"
        >
          w
        </button>
        <button
          data-testid="btn-x"
          value="x"
        >
          x
        </button>
        <button
          data-testid="btn-y"
          value="y"
        >
          y
        </button>
        <button
          data-testid="btn-z"
          value="z"
        >
          z
        </button>
      </p>
    </div>
    <button
      data-testid="reset-btn"
    >
      RESET
    </button>
  </div>
</DocumentFragment>
`;

exports[`matches snapshot 2`] = `
<DocumentFragment>
  <div
    class="Snowman"
  >
    <img
      alt=""
      data-testid="img-1.png"
      src="1.png"
    />
    <div>
      <p>
        GAME OVER!
      </p>
      <p>
        Correct word was: apple
      </p>
    </div>
    <button
      data-testid="reset-btn"
    >
      RESET
    </button>
  </div>
</DocumentFragment>
`;
